// Jest Snapshot v1, https://goo.gl/fbAQLP

exports[`generatePayload generates the payload correctly 1`] = `
Object {
  "attachments": Array [
    Object {
      "blocks": Array [
        Object {
          "fields": Array [
            Object {
              "text": "*Name:*
John Doe",
              "type": "mrkdwn",
            },
            Object {
              "text": "*Email:*
<mailto:test@test.com|test@test.com>",
              "type": "mrkdwn",
            },
          ],
          "type": "section",
        },
        Object {
          "text": Object {
            "text": "*Message:*
testing",
            "type": "mrkdwn",
          },
          "type": "section",
        },
      ],
    },
  ],
  "text": "You have a new message from the contact form:",
}
`;
